// Jest Snapshot v1, https://goo.gl/fbAQLP

exports[`Should handle onSubmit 1`] = `
<div>
  <h3>
    Add Expense
  </h3>
  <ExpenseForm
    onSubmit={[Function]}
  />
</div>
`;

exports[`Should render AddExpensePage correctly 1`] = `
<div>
  <h3>
    Add Expense
  </h3>
  <ExpenseForm
    onSubmit={[Function]}
  />
</div>
`;
